[ornexis.com/pages/ems-edema-t2.html]
[backblue.gif]
[fade.gif]
[index.html]
[ornexis.com/pages/window.location.toString(]
[ornexis.com/pages/window.location.href]
[ornexis.com/cdn/shop/t/2/assets/theme.minfac2.js]
[ornexis.com/cdn/shop/t/2/assets/theme137d.css]
[ornexis.com/pages/^(/w{2}-w{2})/index.html]
[ornexis.com/cdn/shop/t/2/assets/custom3991.css]
[ornexis.com/checkouts/internal/preloadsc494.js]
[ornexis.com/cdn/shopifycloud/shop-js/modules/v2/client.init-shop-cart-sync_CG-L-Qzi.en.esm.js]
[ornexis.com/cdn/shopifycloud/shop-js/modules/v2/chunk.common_B8yXDTDb.esm.js]
[cdn.shopify.com/shopifycloud/storefront-forms-hcaptcha/ce_storefront_forms_captcha_hcaptcha.v1.5.2.iife.js]
[ornexis.com/cdn/shopifycloud/storefront/assets/storefront/load_feature-a0a9edcb.js]
[ornexis.com/cdn/shopifycloud/storefront/assets/shopify_pay/storefront-65b4c6d75501.js]
[ornexis.com/cdn/shopifycloud/portable-wallets/latest/portable-wallets.en.js]
[ornexis.com/cdn/shopifycloud/privacy-banner/storefront-banner.js]
[ornexis.com/cdn/shopifycloud/portable-wallets/latest/accelerated-checkout-backwards-compat.css]
[ornexis.com/cart.js]
[ornexis.com/pages/rawHref, window.location.origin]
[ornexis.com/cart/update.js]
[cdn.shopify.com/extensions/019b466a-48c4-72b0-b942-f0c61d329516/variant_swatch_king-230/assets/session-storage-clear.min.js]
[cdn.shopify.com/extensions/019b466a-48c4-72b0-b942-f0c61d329516/variant_swatch_king-230/assets/variant-swatch-king-new-11-44.min.js]
[cdn.shopify.com/extensions/019b466a-48c4-72b0-b942-f0c61d329516/variant_swatch_king-230/assets/variant-swatch-king-11-44.min.js]
[cdn.shopify.com/extensions/019b466a-48c4-72b0-b942-f0c61d329516/variant_swatch_king-230/assets/variant-swatch-king-11-44.min.css]
[cdn-app.sealsubscriptions.com/shopify/public/js/sealsubscriptions-main58ed.js]
[cdn.zigpoll.com/zigpoll-shopify-embedb0d6.js]
[cdn.shopify.com/extensions/019ba356-f887-722c-b69e-2d972a52322b/kaching-bundles-1534/assets/kaching-bundles.js]
[cdn.shopify.com/extensions/019ba356-f887-722c-b69e-2d972a52322b/kaching-bundles-1534/assets/loader.js]
[cdn.shopify.com/extensions/019ba356-f887-722c-b69e-2d972a52322b/kaching-bundles-1534/assets/kaching-bundles.css]
[static.klaviyo.com/onsite/js/Rh7uFh/klaviyo41aa.js]
[cdn.shopify.com/extensions/019b9205-3701-7880-9f15-7280760d3970/gempages-web-builder-shopify-app-115/assets/gp-flow-actions9206.js]
[cdn.shopify.com/extensions/019b9205-3701-7880-9f15-7280760d3970/gempages-web-builder-shopify-app-115/assets/gp-lazyload.v29206.js]
[cdn.shopify.com/extensions/019b9205-3701-7880-9f15-7280760d3970/gempages-web-builder-shopify-app-115/assets/gp-global9206.js]
[ornexis.com/pages/POST]
[ornexis.com/cdn/s/trekkie.storefront.05c509f133afcfb9f2a8aef7ef881fd109f9b92e.min.js]
[ornexis.com/cdn/shopifycloud/storefront/assets/shop_events_listener-3da45d37.js]
[ornexis.com/cdn/shopifycloud/perf-kit/shopify-perf-kit-3.0.3.min.js]
[ornexis.com/pages/heatmap.php]
[ornexis.com/cdn/shop/files/1_66384f8e-dcbb-4f14-a759-e314e6a844457caa.png]
[ornexis.com/cdn/shop/files/Gemini_Generated_Image_ozf7xvozf7xvozf7bb21.jpg]
[ornexis.com/cdn/shop/files/Highquality_4k_video_2025120809416934.gif]
[ornexis.com/cdn/shop/files/Gemini_Generated_Image_cndh6xcndh6xcndhf062.jpg]
[ornexis.com/cdn/shop/files/3a421.png]
[ornexis.com/cdn/shop/files/27ae1.jpg]
[ornexis.com/cdn/shop/files/Gemini_Generated_Image_hsvvh1hsvvh1hsvv8850.jpg]
[ornexis.com/cdn/shop/files/Ontwerp_zonder_titelfeb0.gif]
[ornexis.com/cdn/shop/files/Gemini_Generated_Image_3o5zgz3o5zgz3o5ze32f.jpg]
[ornexis.com/cdn/shop/files/Gemini_Generated_Image_gqjisugqjisugqji29ab.jpg]
[ornexis.com/cdn/shop/files/3f834.gif]
[ornexis.com/cdn/shop/files/2_8ba1cba7-038c-4251-abbc-65cd6b0e9c845928.gif]
[ornexis.com/cdn/shop/files/1_b3c8e46f-f2b5-4132-95a0-57a0c25671f67208.gif]
[ornexis.com/cdn/shop/files/3_bcdbaf29-6410-4b9e-afa8-d46ccc8add783877.png]
[ornexis.com/cdn/shop/files/Gemini_Generated_Image_vkv597vkv597vkv54a39.jpg]
[ornexis.com/cdn/shop/files/5fac0.png]
[assets.checkoutchamp.com/cde7d290-1b8f-11ef-b511-db9a63554a81/1718093038452_1.jpg]
[assets.checkoutchamp.com/cde7d290-1b8f-11ef-b511-db9a63554a81/1718093042651_2.jpg]
[assets.checkoutchamp.com/cde7d290-1b8f-11ef-b511-db9a63554a81/1718093096012_4.jpg]
[assets.checkoutchamp.com/cde7d290-1b8f-11ef-b511-db9a63554a81/1718093099824_5.jpg]
[assets.checkoutchamp.com/cde7d290-1b8f-11ef-b511-db9a63554a81/1718093225966_7.jpg]
[assets.checkoutchamp.com/cde7d290-1b8f-11ef-b511-db9a63554a81/1718093229397_8.jpg]
[assets.checkoutchamp.com/cde7d290-1b8f-11ef-b511-db9a63554a81/1718093234312_9.jpg]
[assets.checkoutchamp.com/cde7d290-1b8f-11ef-b511-db9a63554a81/1718093257913_13.jpg]
[ornexis.com/cdn/shop/files/4_0acb0c78-7947-47ac-80c3-d5c8c8694d060b10.png]
[ornexis.com/cdn/shop/files/Ontwerp_zonder_titel_20424e.png]
[ornexis.com/cdn/shop/files/2_a15cdb4f-35fa-4886-8064-4427b9ecd93b3493.png]
[ornexis.com/cdn/shop/files/1_3ff1ba85-a157-4dfb-b00e-38648d0b98c8e14f.png]
[ornexis.com/cdn/shop/files/3_4bde46c0-8b3c-4537-81c4-70765256009bfa6d.png]
[cdn.shopify.com/extensions/019b326a-a3e7-7f0d-8f81-cf44382861dc/upcart-248/assets/upcart-stylesheet.css]
[cdn.shopify.com/extensions/019b326a-a3e7-7f0d-8f81-cf44382861dc/upcart-248/assets/upcart-bundle.js]
[cdn.shopify.com/extensions/019b9638-c29d-73d6-b384-3b2aa509e5b4/trustoo-io-reviews-240/assets/swiper-reviews.min.js]
[cdn.shopify.com/extensions/019b9638-c29d-73d6-b384-3b2aa509e5b4/trustoo-io-reviews-240/assets/seal-review.min.js]
[cdn.shopify.com/extensions/019b9638-c29d-73d6-b384-3b2aa509e5b4/trustoo-io-reviews-240/assets/trustoo-reviews.min.css]
[ornexis.com/pages/ems-edema-t2.html]
[ornexis.com/pages/window.location.toString(]
[ornexis.com/pages/^(/w{2}-w{2})/index.html]
[ornexis.com/pages/window.location.href]
[ornexis.com/cdn/shop/t/2/assets/theme137d.css]
[ornexis.com/cdn/shop/t/2/assets/custom3991.css]
[shop.app/checkouts/internal/preloads145f.js]
[ornexis.com/pages/modules/v2/chunk.common_B8yXDTDb.esm.js]
[ornexis.com/pages/modules/v2/client.shop-login-button_DrVPCwAQ.en.esm.js]
[ornexis.com/cdn/shopifycloud/portable-wallets/latest/accelerated-checkout-backwards-compat.css]
[ornexis.com/pages/rawHref, window.location.origin]
[cdn.shopify.com/extensions/019b466a-48c4-72b0-b942-f0c61d329516/variant_swatch_king-230/assets/variant-swatch-king-11-44.min.css]
[cdn.shopify.com/extensions/019ba356-f887-722c-b69e-2d972a52322b/kaching-bundles-1534/assets/kaching-bundles.css]
[ornexis.com/pages/POST.html]
[ornexis.com/pages/heatmap.php]
[cdn.shopify.com/extensions/019b326a-a3e7-7f0d-8f81-cf44382861dc/upcart-248/assets/upcart-stylesheet.css]
[cdn.shopify.com/extensions/019b9638-c29d-73d6-b384-3b2aa509e5b4/trustoo-io-reviews-240/assets/trustoo-reviews.min.css]
[ornexis.com/cdn/shop/t/2/assets/theme-deferred4c67.css]
[ornexis.com/cdn/shop/t/2/assets/theme-deferred4c67.css]
